ERC report (2026-09-19T19:26:24-0400, Encoding UTF8)

***** Sheet /
[power_pin_not_driven]: Input Power pin not driven by any Output Power pins
    ; error
    @(1400 mils, 1850 mils): Symbol #PWR04 Pin 1 [Power input, Line]
[power_pin_not_driven]: Input Power pin not driven by any Output Power pins
    ; error
    @(4550 mils, 1900 mils): Symbol #PWR09 Pin 1 [Power input, Line]
[pin_not_connected]: Pin not connected
    ; error
    @(4500 mils, 2200 mils): Symbol J3 Pin 3 [D+, Bidirectional, Line]
[pin_not_connected]: Pin not connected
    ; error
    @(4500 mils, 2300 mils): Symbol J3 Pin 2 [D-, Bidirectional, Line]
[pin_not_connected]: Pin not connected
    ; error
    @(3100 mils, 4000 mils): Symbol U1 Pin 10 [PA0, Bidirectional, Line]
[pin_not_connected]: Pin not connected
    ; error
    @(3100 mils, 4100 mils): Symbol U1 Pin 11 [PA1, Bidirectional, Line]
[pin_not_connected]: Pin not connected
    ; error
    @(3100 mils, 4200 mils): Symbol U1 Pin 12 [PA2, Bidirectional, Line]
[pin_not_connected]: Pin not connected
    ; error
    @(3100 mils, 5100 mils): Symbol U1 Pin 32 [PA11, Bidirectional, Line]
[pin_not_connected]: Pin not connected
    ; error
    @(3100 mils, 5200 mils): Symbol U1 Pin 33 [PA12, Bidirectional, Line]
[global_label_dangling]: Global label not connected anywhere else in the schematic
    ; warning
    @(3100 mils, 4400 mils): Global Label 'PA4'
[global_label_dangling]: Global label not connected anywhere else in the schematic
    ; warning
    @(1700 mils, 5300 mils): Global Label 'PB2'
[global_label_dangling]: Global label not connected anywhere else in the schematic
    ; warning
    @(1700 mils, 6100 mils): Global Label 'PB10'
[global_label_dangling]: Global label not connected anywhere else in the schematic
    ; warning
    @(1700 mils, 6200 mils): Global Label 'PB11'

 ** ERC messages: 13  Errors 9  Warnings 4
