[1.426s] Invoking command in '/ws/build/arm_control': PYTHONPATH=/ws/build/arm_control/prefix_override:/usr/lib/python3/dist-packages/colcon_core/task/python/colcon_distutils_commands:/ws/install/arm_control/lib/python3.12/site-packages:${PYTHONPATH} /usr/bin/python3 -W ignore:setup.py install is deprecated -W ignore:easy_install command is deprecated setup.py develop --editable --build-directory /ws/build/arm_control/build --no-deps symlink_data
[1.791s] running develop
[1.948s] running egg_info
[1.948s] creating arm_control.egg-info
[1.962s] writing arm_control.egg-info/PKG-INFO
[1.962s] writing dependency_links to arm_control.egg-info/dependency_links.txt
[1.963s] writing entry points to arm_control.egg-info/entry_points.txt
[1.963s] writing requirements to arm_control.egg-info/requires.txt
[1.963s] writing top-level names to arm_control.egg-info/top_level.txt
[1.963s] writing manifest file 'arm_control.egg-info/SOURCES.txt'
[2.007s] reading manifest file 'arm_control.egg-info/SOURCES.txt'
[2.008s] writing manifest file 'arm_control.egg-info/SOURCES.txt'
[2.029s] running build_ext
[2.029s] Creating /ws/install/arm_control/lib/python3.12/site-packages/arm-control.egg-link (link to .)
[2.030s] Installing armcontrol script to /ws/install/arm_control/lib/arm_control
[2.030s] 
[2.030s] Installed /ws/build/arm_control
[2.031s] running symlink_data
[2.031s] creating /ws/install/arm_control/share/ament_index
[2.031s] creating /ws/install/arm_control/share/ament_index/resource_index
[2.031s] creating /ws/install/arm_control/share/ament_index/resource_index/packages
[2.031s] symbolically linking /ws/build/arm_control/resource/arm_control -> /ws/install/arm_control/share/ament_index/resource_index/packages
[2.031s] symbolically linking /ws/build/arm_control/package.xml -> /ws/install/arm_control/share/arm_control
[2.153s] Invoked command in '/ws/build/arm_control' returned '0': PYTHONPATH=/ws/build/arm_control/prefix_override:/usr/lib/python3/dist-packages/colcon_core/task/python/colcon_distutils_commands:/ws/install/arm_control/lib/python3.12/site-packages:${PYTHONPATH} /usr/bin/python3 -W ignore:setup.py install is deprecated -W ignore:easy_install command is deprecated setup.py develop --editable --build-directory /ws/build/arm_control/build --no-deps symlink_data
